// Jest Snapshot v1, https://goo.gl/fbAQLP

exports[`With Snapshot Testing Header shows "Combat Heroes" 1`] = `
<header
  className="container"
>
  Combat Heroes
</header>
`;
