// Jest Snapshot v1, https://goo.gl/fbAQLP

exports[`With Snapshot Testing Rendering Search 1`] = `
<form
  className="indexstyle__SearchWrapper-sc-1r0ek5c-0 hEclBY"
>
  <input
    className="indexstyle__SearchInput-sc-1r0ek5c-1 eJzVLt"
    name="search"
  />
</form>
`;
